Archive member included because of file (symbol)

contiki-minimal-net.a(webserver-nogui)
                              webserver-example.co (webserver_nogui_process)
contiki-minimal-net.a(httpd.o)
                              contiki-minimal-net.a(webserver-nogui) (httpd_appcall)
contiki-minimal-net.a(http-strings.o)
                              contiki-minimal-net.a(httpd.o) (http_jpg)
contiki-minimal-net.a(psock.o)
                              contiki-minimal-net.a(httpd.o) (psock_send)
contiki-minimal-net.a(memb.o)
                              contiki-minimal-net.a(httpd.o) (memb_init)
contiki-minimal-net.a(httpd-fs.o)
                              contiki-minimal-net.a(httpd.o) (httpd_fs_open)
contiki-minimal-net.a(httpd-cgi.o)
                              contiki-minimal-net.a(httpd.o) (httpd_cgi)
contiki-minimal-net.a(contiki-main.o)
                              /usr/lib/gcc/x86_64-redhat-linux/4.8.3/../../../../lib64/crt1.o (main)
contiki-minimal-net.a(clock.o)
                              contiki-minimal-net.a(contiki-main.o) (clock_init)
contiki-minimal-net.a(tapdev-drv.o)
                              contiki-minimal-net.a(contiki-main.o) (tapdev_process)
contiki-minimal-net.a(tapdev.o)
                              contiki-minimal-net.a(contiki-main.o) (tapdev_fd)
contiki-minimal-net.a(autostart.o)
                              contiki-minimal-net.a(contiki-main.o) (autostart_start)
contiki-minimal-net.a(ctimer.o)
                              contiki-minimal-net.a(contiki-main.o) (ctimer_init)
contiki-minimal-net.a(etimer.o)
                              contiki-minimal-net.a(contiki-main.o) (etimer_request_poll)
contiki-minimal-net.a(process.o)
                              contiki-minimal-net.a(ctimer.o) (process_current)
contiki-minimal-net.a(procinit.o)
                              contiki-minimal-net.a(contiki-main.o) (procinit_init)
contiki-minimal-net.a(timer.o)
                              contiki-minimal-net.a(etimer.o) (timer_set)
contiki-minimal-net.a(serial-line.o)
                              contiki-minimal-net.a(contiki-main.o) (serial_line_input_byte)
contiki-minimal-net.a(list.o)
                              contiki-minimal-net.a(ctimer.o) (list_init)
contiki-minimal-net.a(ringbuf.o)
                              contiki-minimal-net.a(serial-line.o) (ringbuf_init)
contiki-minimal-net.a(tcpip.o)
                              contiki-minimal-net.a(webserver-nogui) (tcpip_event)
contiki-minimal-net.a(uip_arp.o)
                              contiki-minimal-net.a(tapdev-drv.o) (uip_arp_arpin)
contiki-minimal-net.a(uip.o)  contiki-minimal-net.a(tapdev-drv.o) (uip_aligned_buf)
/usr/lib64/libc_nonshared.a(elf-init.oS)
                              /usr/lib/gcc/x86_64-redhat-linux/4.8.3/../../../../lib64/crt1.o (__libc_csu_init)
/usr/lib64/libc_nonshared.a(atexit.oS)
                              contiki-minimal-net.a(tapdev.o) (atexit)

Allocating common symbols
Common symbol       size              file

uip_draddr          0x4               contiki-minimal-net.a(uip.o)
uip_slen            0x2               contiki-minimal-net.a(uip.o)
uip_acc32           0x4               contiki-minimal-net.a(uip.o)
uip_conns           0x780             contiki-minimal-net.a(uip.o)
uip_netmask         0x4               contiki-minimal-net.a(uip.o)
uip_hostaddr        0x4               contiki-minimal-net.a(uip.o)
serial_line_event_message
                    0x1               contiki-minimal-net.a(serial-line.o)
uip_appdata         0x8               contiki-minimal-net.a(uip.o)
uip_flags           0x1               contiki-minimal-net.a(uip.o)
uip_aligned_buf     0x510             contiki-minimal-net.a(uip.o)
contiki_argv        0x8               contiki-minimal-net.a(contiki-main.o)
uip_listenports     0x50              contiki-minimal-net.a(uip.o)
uip_len             0x2               contiki-minimal-net.a(uip.o)
tcpip_event         0x1               contiki-minimal-net.a(tcpip.o)
uip_sappdata        0x8               contiki-minimal-net.a(uip.o)
uip_udp_conns       0x140             contiki-minimal-net.a(uip.o)
uip_udp_conn        0x8               contiki-minimal-net.a(uip.o)
uip_conn            0x8               contiki-minimal-net.a(uip.o)

Discarded input sections

 .note.GNU-stack
                0x0000000000000000        0x0 /usr/lib/gcc/x86_64-redhat-linux/4.8.3/../../../../lib64/crt1.o
 .note.GNU-stack
                0x0000000000000000        0x0 /usr/lib/gcc/x86_64-redhat-linux/4.8.3/../../../../lib64/crti.o
 .note.GNU-stack
                0x0000000000000000        0x0 /usr/lib/gcc/x86_64-redhat-linux/4.8.3/crtbegin.o
 .note.GNU-stack
                0x0000000000000000        0x0 webserver-example.co
 .note.GNU-stack
                0x0000000000000000        0x0 contiki-minimal-net.a(webserver-nogui)
 .note.GNU-stack
                0x0000000000000000        0x0 contiki-minimal-net.a(httpd.o)
 .note.GNU-stack
                0x0000000000000000        0x0 contiki-minimal-net.a(http-strings.o)
 .note.GNU-stack
                0x0000000000000000        0x0 contiki-minimal-net.a(psock.o)
 .note.GNU-stack
                0x0000000000000000        0x0 contiki-minimal-net.a(memb.o)
 .note.GNU-stack
                0x0000000000000000        0x0 contiki-minimal-net.a(httpd-fs.o)
 .note.GNU-stack
                0x0000000000000000        0x0 contiki-minimal-net.a(httpd-cgi.o)
 .note.GNU-stack
                0x0000000000000000        0x0 contiki-minimal-net.a(contiki-main.o)
 .note.GNU-stack
                0x0000000000000000        0x0 contiki-minimal-net.a(clock.o)
 .note.GNU-stack
                0x0000000000000000        0x0 contiki-minimal-net.a(tapdev-drv.o)
 .note.GNU-stack
                0x0000000000000000        0x0 contiki-minimal-net.a(tapdev.o)
 .note.GNU-stack
                0x0000000000000000        0x0 contiki-minimal-net.a(autostart.o)
 .note.GNU-stack
                0x0000000000000000        0x0 contiki-minimal-net.a(ctimer.o)
 .note.GNU-stack
                0x0000000000000000        0x0 contiki-minimal-net.a(etimer.o)
 .note.GNU-stack
                0x0000000000000000        0x0 contiki-minimal-net.a(process.o)
 .note.GNU-stack
                0x0000000000000000        0x0 contiki-minimal-net.a(procinit.o)
 .note.GNU-stack
                0x0000000000000000        0x0 contiki-minimal-net.a(timer.o)
 .note.GNU-stack
                0x0000000000000000        0x0 contiki-minimal-net.a(serial-line.o)
 .note.GNU-stack
                0x0000000000000000        0x0 contiki-minimal-net.a(list.o)
 .note.GNU-stack
                0x0000000000000000        0x0 contiki-minimal-net.a(ringbuf.o)
 .note.GNU-stack
                0x0000000000000000        0x0 contiki-minimal-net.a(tcpip.o)
 .note.GNU-stack
                0x0000000000000000        0x0 contiki-minimal-net.a(uip_arp.o)
 .note.GNU-stack
                0x0000000000000000        0x0 contiki-minimal-net.a(uip.o)
 .note.GNU-stack
                0x0000000000000000        0x0 /usr/lib64/libc_nonshared.a(elf-init.oS)
 .note.GNU-stack
                0x0000000000000000        0x0 /usr/lib64/libc_nonshared.a(atexit.oS)
 .note.GNU-stack
                0x0000000000000000        0x0 /usr/lib/gcc/x86_64-redhat-linux/4.8.3/crtend.o
 .note.GNU-stack
                0x0000000000000000        0x0 /usr/lib/gcc/x86_64-redhat-linux/4.8.3/../../../../lib64/crtn.o

Memory Configuration

Name             Origin             Length             Attributes
*default*        0x0000000000000000 0xffffffffffffffff

Linker script and memory map

LOAD /usr/lib/gcc/x86_64-redhat-linux/4.8.3/../../../../lib64/crt1.o
LOAD /usr/lib/gcc/x86_64-redhat-linux/4.8.3/../../../../lib64/crti.o
LOAD /usr/lib/gcc/x86_64-redhat-linux/4.8.3/crtbegin.o
LOAD webserver-example.co
LOAD contiki-minimal-net.a
LOAD /usr/lib/gcc/x86_64-redhat-linux/4.8.3/libgcc.a
LOAD /usr/lib/gcc/x86_64-redhat-linux/4.8.3/libgcc_s.so
LOAD /usr/lib/gcc/x86_64-redhat-linux/4.8.3/../../../../lib64/libc.so
START GROUP
LOAD /lib64/libc.so.6
LOAD /usr/lib64/libc_nonshared.a
LOAD /lib64/ld-linux-x86-64.so.2
END GROUP
LOAD /usr/lib/gcc/x86_64-redhat-linux/4.8.3/libgcc.a
LOAD /usr/lib/gcc/x86_64-redhat-linux/4.8.3/libgcc_s.so
LOAD /usr/lib/gcc/x86_64-redhat-linux/4.8.3/crtend.o
LOAD /usr/lib/gcc/x86_64-redhat-linux/4.8.3/../../../../lib64/crtn.o
                0x0000000000400000                PROVIDE (__executable_start, 0x400000)
                0x0000000000400238                . = (0x400000 + SIZEOF_HEADERS)

.interp         0x0000000000400238       0x1c
 *(.interp)
 .interp        0x0000000000400238       0x1c /usr/lib/gcc/x86_64-redhat-linux/4.8.3/../../../../lib64/crt1.o

.note.ABI-tag   0x0000000000400254       0x20
 .note.ABI-tag  0x0000000000400254       0x20 /usr/lib/gcc/x86_64-redhat-linux/4.8.3/../../../../lib64/crt1.o

.note.gnu.build-id
                0x0000000000400274       0x24
 *(.note.gnu.build-id)
 .note.gnu.build-id
                0x0000000000400274       0x24 /usr/lib/gcc/x86_64-redhat-linux/4.8.3/../../../../lib64/crt1.o

.hash
 *(.hash)

.gnu.hash       0x0000000000400298      0x798
 *(.gnu.hash)
 .gnu.hash      0x0000000000400298      0x798 /usr/lib/gcc/x86_64-redhat-linux/4.8.3/../../../../lib64/crt1.o

.dynsym         0x0000000000400a30     0x1788
 *(.dynsym)
 .dynsym        0x0000000000400a30     0x1788 /usr/lib/gcc/x86_64-redhat-linux/4.8.3/../../../../lib64/crt1.o

.dynstr         0x00000000004021b8      0xc87
 *(.dynstr)
 .dynstr        0x00000000004021b8      0xc87 /usr/lib/gcc/x86_64-redhat-linux/4.8.3/../../../../lib64/crt1.o

.gnu.version    0x0000000000402e40      0x1f6
 *(.gnu.version)
 .gnu.version   0x0000000000402e40      0x1f6 /usr/lib/gcc/x86_64-redhat-linux/4.8.3/../../../../lib64/crt1.o

.gnu.version_d  0x0000000000403038        0x0
 *(.gnu.version_d)
 .gnu.version_d
                0x0000000000000000        0x0 /usr/lib/gcc/x86_64-redhat-linux/4.8.3/../../../../lib64/crt1.o

.gnu.version_r  0x0000000000403038       0x30
 *(.gnu.version_r)
 .gnu.version_r
                0x0000000000403038       0x30 /usr/lib/gcc/x86_64-redhat-linux/4.8.3/../../../../lib64/crt1.o

.rela.dyn       0x0000000000403068       0x48
 *(.rela.init)
 *(.rela.text .rela.text.* .rela.gnu.linkonce.t.*)
 .rela.text     0x0000000000000000        0x0 /usr/lib/gcc/x86_64-redhat-linux/4.8.3/../../../../lib64/crt1.o
 *(.rela.fini)
 *(.rela.rodata .rela.rodata.* .rela.gnu.linkonce.r.*)
 .rela.rodata   0x0000000000000000        0x0 /usr/lib/gcc/x86_64-redhat-linux/4.8.3/../../../../lib64/crt1.o
 *(.rela.data .rela.data.* .rela.gnu.linkonce.d.*)
 .rela.data     0x0000000000000000        0x0 /usr/lib/gcc/x86_64-redhat-linux/4.8.3/../../../../lib64/crt1.o
 *(.rela.tdata .rela.tdata.* .rela.gnu.linkonce.td.*)
 *(.rela.tbss .rela.tbss.* .rela.gnu.linkonce.tb.*)
 *(.rela.ctors)
 *(.rela.dtors)
 *(.rela.got)
 .rela.got      0x0000000000403068       0x18 /usr/lib/gcc/x86_64-redhat-linux/4.8.3/../../../../lib64/crt1.o
 *(.rela.bss .rela.bss.* .rela.gnu.linkonce.b.*)
 .rela.bss      0x0000000000403080       0x30 /usr/lib/gcc/x86_64-redhat-linux/4.8.3/../../../../lib64/crt1.o
 *(.rela.ldata .rela.ldata.* .rela.gnu.linkonce.l.*)
 *(.rela.lbss .rela.lbss.* .rela.gnu.linkonce.lb.*)
 *(.rela.lrodata .rela.lrodata.* .rela.gnu.linkonce.lr.*)
 *(.rela.ifunc)

.rela.plt       0x00000000004030b0      0x270
 *(.rela.plt)
 .rela.plt      0x00000000004030b0      0x270 /usr/lib/gcc/x86_64-redhat-linux/4.8.3/../../../../lib64/crt1.o
                0x0000000000403320                PROVIDE (__rela_iplt_start, .)
 *(.rela.iplt)
 .rela.iplt     0x0000000000000000        0x0 /usr/lib/gcc/x86_64-redhat-linux/4.8.3/../../../../lib64/crt1.o
                0x0000000000403320                PROVIDE (__rela_iplt_end, .)

.init           0x0000000000403320       0x1a
 *(SORT(.init))
 .init          0x0000000000403320       0x15 /usr/lib/gcc/x86_64-redhat-linux/4.8.3/../../../../lib64/crti.o
                0x0000000000403320                _init
 .init          0x0000000000403335        0x5 /usr/lib/gcc/x86_64-redhat-linux/4.8.3/../../../../lib64/crtn.o

.plt            0x0000000000403340      0x1b0
 *(.plt)
 .plt           0x0000000000403340      0x1b0 /usr/lib/gcc/x86_64-redhat-linux/4.8.3/../../../../lib64/crt1.o
                0x0000000000403350                abort@@GLIBC_2.2.5
                0x0000000000403360                strncpy@@GLIBC_2.2.5
                0x0000000000403370                strncmp@@GLIBC_2.2.5
                0x0000000000403380                strcpy@@GLIBC_2.2.5
                0x0000000000403390                puts@@GLIBC_2.2.5
                0x00000000004033a0                write@@GLIBC_2.2.5
                0x00000000004033b0                system@@GLIBC_2.2.5
                0x00000000004033c0                strchr@@GLIBC_2.2.5
                0x00000000004033d0                printf@@GLIBC_2.2.5
                0x00000000004033e0                snprintf@@GLIBC_2.2.5
                0x00000000004033f0                strrchr@@GLIBC_2.2.5
                0x0000000000403400                gettimeofday@@GLIBC_2.2.5
                0x0000000000403410                memset@@GLIBC_2.2.5
                0x0000000000403420                ioctl@@GLIBC_2.2.5
                0x0000000000403430                read@@GLIBC_2.2.5
                0x0000000000403440                __libc_start_main@@GLIBC_2.2.5
                0x0000000000403450                fprintf@@GLIBC_2.2.5
                0x0000000000403470                memcpy@@GLIBC_2.14
                0x0000000000403480                select@@GLIBC_2.2.5
                0x0000000000403490                setvbuf@@GLIBC_2.2.5
                0x00000000004034a0                open@@GLIBC_2.2.5
                0x00000000004034b0                perror@@GLIBC_2.2.5
                0x00000000004034c0                __cxa_atexit@@GLIBC_2.2.5
                0x00000000004034d0                sprintf@@GLIBC_2.2.5
                0x00000000004034e0                exit@@GLIBC_2.2.5
 *(.iplt)
 .iplt          0x0000000000000000        0x0 /usr/lib/gcc/x86_64-redhat-linux/4.8.3/../../../../lib64/crt1.o

.text           0x00000000004034f0     0x4c0c
 *(.text.unlikely .text.*_unlikely)
 *(.text.exit .text.exit.*)
 *(.text.startup .text.startup.*)
 *(.text.hot .text.hot.*)
 *(.text .stub .text.* .gnu.linkonce.t.*)
 .text          0x00000000004034f0       0x2c /usr/lib/gcc/x86_64-redhat-linux/4.8.3/../../../../lib64/crt1.o
                0x00000000004034f0                _start
 .text          0x000000000040351c        0x0 /usr/lib/gcc/x86_64-redhat-linux/4.8.3/../../../../lib64/crti.o
 *fill*         0x000000000040351c        0x4 
 .text          0x0000000000403520       0xbd /usr/lib/gcc/x86_64-redhat-linux/4.8.3/crtbegin.o
 *fill*         0x00000000004035dd        0x3 
 .text          0x00000000004035e0        0x0 webserver-example.co
 .text          0x00000000004035e0       0xb6 contiki-minimal-net.a(webserver-nogui)
                0x0000000000403647                webserver_log_file
                0x0000000000403683                webserver_log
 *fill*         0x0000000000403696        0xa 
 .text          0x00000000004036a0      0x8b4 contiki-minimal-net.a(httpd.o)
                0x0000000000403dfe                httpd_appcall
                0x0000000000403f14                httpd_init
 .text          0x0000000000403f54        0x0 contiki-minimal-net.a(http-strings.o)
 *fill*         0x0000000000403f54        0xc 
 .text          0x0000000000403f60      0x3cd contiki-minimal-net.a(psock.o)
                0x0000000000403f60                psock_send
                0x0000000000404044                psock_generator_send
                0x00000000004040e1                psock_datalen
                0x00000000004040e9                psock_newdata
                0x0000000000404113                psock_readto
                0x00000000004041d9                psock_readbuf_len
                0x0000000000404308                psock_init
 *fill*         0x000000000040432d        0x3 
 .text          0x0000000000404330      0x11d contiki-minimal-net.a(memb.o)
                0x0000000000404330                memb_init
                0x0000000000404363                memb_alloc
                0x00000000004043bf                memb_free
                0x0000000000404425                memb_inmemb
 *fill*         0x000000000040444d        0x3 
 .text          0x0000000000404450      0x127 contiki-minimal-net.a(httpd-fs.o)
                0x00000000004044bb                httpd_fs_open
                0x000000000040451a                httpd_fs_init
                0x0000000000404534                httpd_fs_count
 *fill*         0x0000000000404577        0x1 
 .text          0x0000000000404578      0x3ba contiki-minimal-net.a(httpd-cgi.o)
                0x0000000000404874                httpd_cgi
                0x00000000004048e6                httpd_cgi_add
                0x0000000000404912                httpd_cgi_init
 *fill*         0x0000000000404932        0x2 
 .text          0x0000000000404934      0x37f contiki-minimal-net.a(contiki-main.o)
                0x0000000000404934                main
                0x0000000000404c44                log_message
                0x0000000000404c62                uip_log
                0x0000000000404c7d                _xassert
                0x0000000000404ca1                sensors_light1
 *fill*         0x0000000000404cb3        0x1 
 .text          0x0000000000404cb4       0xdc contiki-minimal-net.a(clock.o)
                0x0000000000404cb4                clock_init
                0x0000000000404cfc                clock_time
                0x0000000000404d3f                clock_seconds
                0x0000000000404d8e                clock_delay
 .text          0x0000000000404d90       0xe5 contiki-minimal-net.a(tapdev-drv.o)
                0x0000000000404e5d                tapdev_output
 *fill*         0x0000000000404e75        0x3 
 .text          0x0000000000404e78      0x2ee contiki-minimal-net.a(tapdev.o)
                0x0000000000404ee1                tapdev_fd
                0x0000000000404ee8                tapdev_init
                0x000000000040506f                tapdev_poll
                0x0000000000405126                tapdev_send
                0x0000000000405164                tapdev_exit
 *fill*         0x0000000000405166        0x2 
 .text          0x0000000000405168       0x69 contiki-minimal-net.a(autostart.o)
                0x0000000000405168                autostart_start
                0x000000000040519f                autostart_exit
 *fill*         0x00000000004051d1        0xf 
 .text          0x00000000004051e0      0x2a3 contiki-minimal-net.a(ctimer.o)
                0x00000000004052ba                ctimer_init
                0x00000000004052e3                ctimer_set
                0x000000000040534a                ctimer_reset
                0x000000000040539f                ctimer_restart
                0x00000000004053f4                ctimer_stop
                0x000000000040542b                ctimer_expired
 *fill*         0x0000000000405483        0xd 
 .text          0x0000000000405490      0x2f4 contiki-minimal-net.a(etimer.o)
                0x00000000004054f2                etimer_request_poll
                0x0000000000405691                etimer_set
                0x00000000004056a4                etimer_reset
                0x00000000004056b7                etimer_restart
                0x00000000004056ca                etimer_adjust
                0x00000000004056de                etimer_expired
                0x00000000004056ea                etimer_expiration_time
                0x00000000004056f2                etimer_start_time
                0x00000000004056f6                etimer_pending
                0x0000000000405705                etimer_next_expiration_time
                0x000000000040571b                etimer_stop
 *fill*         0x0000000000405784        0xc 
 .text          0x0000000000405790      0x3e0 contiki-minimal-net.a(process.o)
                0x000000000040591a                process_alloc_event
                0x000000000040592b                process_exit
                0x0000000000405940                process_init
                0x000000000040596c                process_run
                0x0000000000405a6f                process_nevents
                0x0000000000405a83                process_post
                0x0000000000405ad8                process_post_synch
                0x0000000000405af2                process_start
                0x0000000000405b48                process_poll
                0x0000000000405b65                process_is_running
 .text          0x0000000000405b70       0x32 contiki-minimal-net.a(procinit.o)
                0x0000000000405b70                procinit_init
 *fill*         0x0000000000405ba2        0x2 
 .text          0x0000000000405ba4       0x59 contiki-minimal-net.a(timer.o)
                0x0000000000405ba4                timer_set
                0x0000000000405bb6                timer_reset
                0x0000000000405bbe                timer_restart
                0x0000000000405bcc                timer_expired
                0x0000000000405be8                timer_remaining
 *fill*         0x0000000000405bfd        0x3 
 .text          0x0000000000405c00      0x187 contiki-minimal-net.a(serial-line.o)
                0x0000000000405cf1                serial_line_input_byte
                0x0000000000405d5b                serial_line_init
 *fill*         0x0000000000405d87        0x9 
 .text          0x0000000000405d90      0x14c contiki-minimal-net.a(list.o)
                0x0000000000405d90                list_init
                0x0000000000405d98                list_head
                0x0000000000405d9c                list_copy
                0x0000000000405da3                list_tail
                0x0000000000405dbf                list_chop
                0x0000000000405df4                list_pop
                0x0000000000405e04                list_remove
                0x0000000000405e4d                list_add
                0x0000000000405e7a                list_push
                0x0000000000405e94                list_length
                0x0000000000405eb4                list_insert
                0x0000000000405ecd                list_item_next
 .text          0x0000000000405edc       0x9b contiki-minimal-net.a(ringbuf.o)
                0x0000000000405edc                ringbuf_init
                0x0000000000405eee                ringbuf_put
                0x0000000000405f2a                ringbuf_get
                0x0000000000405f5e                ringbuf_size
                0x0000000000405f66                ringbuf_elements
 *fill*         0x0000000000405f77        0x9 
 .text          0x0000000000405f80      0x553 contiki-minimal-net.a(tcpip.o)
                0x0000000000405fa1                tcpip_output
                0x000000000040624d                tcpip_set_outputfunc
                0x0000000000406255                tcp_unlisten
                0x00000000004062b5                tcp_listen
                0x0000000000406327                tcp_attach
                0x0000000000406337                udp_attach
                0x0000000000406347                udp_new
                0x0000000000406369                udp_broadcast_new
                0x00000000004063a0                tcpip_input
                0x00000000004063c6                tcpip_poll_udp
                0x00000000004063e1                tcpip_poll_tcp
                0x00000000004063fc                tcp_connect
                0x0000000000406436                tcpip_uipcall
 *fill*         0x00000000004064d3        0x1 
 .text          0x00000000004064d4      0x4f3 contiki-minimal-net.a(uip_arp.o)
                0x0000000000406627                uip_arp_init
                0x000000000040664a                uip_arp_timer
                0x00000000004066aa                uip_arp_arpin
                0x00000000004067ca                uip_arp_out
 *fill*         0x00000000004069c7        0x9 
 .text          0x00000000004069d0     0x168a contiki-minimal-net.a(uip.o)
                0x0000000000406a77                uip_setipid
                0x0000000000406a7f                uip_add32
                0x0000000000406b49                uip_chksum
                0x0000000000406b5e                uip_ipchksum
                0x0000000000406b86                uip_tcpchksum
                0x0000000000406b92                uip_udpchksum
                0x0000000000406b9e                uip_init
                0x0000000000406bf5                uip_connect
                0x0000000000406d2c                uip_udp_new
                0x0000000000406e19                uip_unlisten
                0x0000000000406e73                uip_listen
                0x0000000000406ecb                uip_process
                0x0000000000407ff8                uip_htons
                0x0000000000407fff                uip_htonl
                0x0000000000408015                uip_send
 *fill*         0x000000000040805a        0x6 
 .text          0x0000000000408060       0x72 /usr/lib64/libc_nonshared.a(elf-init.oS)
                0x0000000000408060                __libc_csu_init
                0x00000000004080d0                __libc_csu_fini
 *fill*         0x00000000004080d2        0xe 
 .text          0x00000000004080e0       0x1a /usr/lib64/libc_nonshared.a(atexit.oS)
                0x00000000004080e0                atexit
 *fill*         0x00000000004080fa        0x2 
 .text          0x00000000004080fc        0x0 /usr/lib/gcc/x86_64-redhat-linux/4.8.3/crtend.o
 .text          0x00000000004080fc        0x0 /usr/lib/gcc/x86_64-redhat-linux/4.8.3/../../../../lib64/crtn.o
 *(.gnu.warning)

.fini           0x00000000004080fc        0x9
 *(SORT(.fini))
 .fini          0x00000000004080fc        0x4 /usr/lib/gcc/x86_64-redhat-linux/4.8.3/../../../../lib64/crti.o
                0x00000000004080fc                _fini
 .fini          0x0000000000408100        0x5 /usr/lib/gcc/x86_64-redhat-linux/4.8.3/../../../../lib64/crtn.o
                0x0000000000408105                PROVIDE (__etext, .)
                0x0000000000408105                PROVIDE (_etext, .)
                0x0000000000408105                PROVIDE (etext, .)

.rodata         0x0000000000408120     0x2138
 *(.rodata .rodata.* .gnu.linkonce.r.*)
 .rodata.cst4   0x0000000000408120        0x4 /usr/lib/gcc/x86_64-redhat-linux/4.8.3/../../../../lib64/crt1.o
                0x0000000000408120                _IO_stdin_used
 *fill*         0x0000000000408124        0x4 
 .rodata        0x0000000000408128        0x8 /usr/lib/gcc/x86_64-redhat-linux/4.8.3/crtbegin.o
                0x0000000000408128                __dso_handle
 .rodata        0x0000000000408130       0x10 webserver-example.co
                0x0000000000408130                autostart_processes
 .rodata.str1.8
                0x0000000000408140       0x58 contiki-minimal-net.a(webserver-nogui)
 .rodata.str1.1
                0x0000000000408198       0x19 contiki-minimal-net.a(webserver-nogui)
                                         0x1a (size before relaxing)
 *fill*         0x00000000004081b1        0xf 
 .rodata        0x00000000004081c0       0x27 contiki-minimal-net.a(webserver-nogui)
 .rodata.str1.1
                0x00000000004081e7       0x1d contiki-minimal-net.a(httpd.o)
 .rodata.str1.8
                0x0000000000000000       0x30 contiki-minimal-net.a(httpd.o)
 .rodata        0x0000000000408204        0xb contiki-minimal-net.a(httpd.o)
 *fill*         0x000000000040820f       0x11 
 .rodata        0x0000000000408220      0x291 contiki-minimal-net.a(http-strings.o)
                0x0000000000408220                http_txt
                0x0000000000408225                http_text
                0x000000000040822b                http_jpg
                0x0000000000408230                http_gif
                0x0000000000408235                http_png
                0x000000000040823a                http_css
                0x000000000040823f                http_htm
                0x0000000000408244                http_shtml
                0x000000000040824b                http_html
                0x0000000000408260                http_content_type_binary
                0x0000000000408290                http_content_type_jpg
                0x00000000004082b0                http_content_type_gif
                0x00000000004082d0                http_content_type_png
                0x00000000004082f0                http_content_type_text
                0x0000000000408310                http_content_type_css
                0x0000000000408330                http_content_type_html
                0x0000000000408350                http_content_type_plain
                0x0000000000408380                http_header_404
                0x00000000004083e0                http_header_200
                0x0000000000408435                http_referer
                0x000000000040843e                http_404_html
                0x0000000000408448                http_index_html
                0x0000000000408454                http_index_htm
                0x000000000040845f                http_crnl
                0x0000000000408462                http_host
                0x0000000000408469                http_location
                0x0000000000408474                http_content_type
                0x0000000000408483                http_11
                0x000000000040848c                http_10
                0x0000000000408495                http_get
                0x000000000040849a                http_302
                0x000000000040849f                http_301
                0x00000000004084a4                http_200
                0x00000000004084a9                http_http
 *fill*         0x00000000004084b1        0xf 
 .rodata        0x00000000004084c0     0x19d9 contiki-minimal-net.a(httpd-fs.o)
                0x00000000004084c0                file_style_css
                0x00000000004084e0                file_404_html
                0x0000000000408500                file_index_html
                0x0000000000408520                file_header_html
                0x0000000000408540                file_status_shtml
                0x0000000000408560                file_tcp_shtml
                0x0000000000408580                file_upload_html
                0x00000000004085a0                file_files_shtml
                0x00000000004085c0                file_footer_html
                0x00000000004085e0                file_processes_shtml
                0x0000000000408600                data_style_css
                0x0000000000409020                data_404_html
                0x00000000004090e0                data_index_html
                0x00000000004094e0                data_header_html
                0x0000000000409820                data_status_shtml
                0x00000000004098e0                data_tcp_shtml
                0x00000000004099c0                data_upload_html
                0x0000000000409aa0                data_files_shtml
                0x0000000000409db0                data_footer_html
                0x0000000000409de0                data_processes_shtml
 *fill*         0x0000000000409e99        0x7 
 .rodata.str1.8
                0x0000000000409ea0       0xb8 contiki-minimal-net.a(httpd-cgi.o)
                                         0xb4 (size before relaxing)
 .rodata.str1.1
                0x0000000000409f58        0x4 contiki-minimal-net.a(httpd-cgi.o)
 *fill*         0x0000000000409f5c        0x4 
 .rodata        0x0000000000409f60       0xf5 contiki-minimal-net.a(httpd-cgi.o)
 .rodata.str1.1
                0x000000000040a055       0xc3 contiki-minimal-net.a(contiki-main.o)
 .rodata.str1.1
                0x000000000040a118        0xb contiki-minimal-net.a(tapdev-drv.o)
 .rodata.str1.1
                0x000000000040a123       0x67 contiki-minimal-net.a(tapdev.o)
                                         0x6b (size before relaxing)
 .rodata.str1.1
                0x000000000040a18a        0xf contiki-minimal-net.a(ctimer.o)
 .rodata.str1.1
                0x000000000040a199        0xc contiki-minimal-net.a(etimer.o)
 .rodata.str1.1
                0x000000000040a1a5        0xe contiki-minimal-net.a(serial-line.o)
 .rodata.str1.1
                0x000000000040a1b3        0xd contiki-minimal-net.a(tcpip.o)
 .rodata        0x000000000040a1c0        0x6 contiki-minimal-net.a(uip_arp.o)
 *fill*         0x000000000040a1c6        0x2 
 .rodata        0x000000000040a1c8       0x90 contiki-minimal-net.a(uip.o)
                0x000000000040a250                uip_all_zeroes_addr
                0x000000000040a254                uip_broadcast_addr

.rodata1
 *(.rodata1)

.eh_frame_hdr   0x000000000040a258      0x4f4
 *(.eh_frame_hdr)
 .eh_frame_hdr  0x000000000040a258      0x4f4 /usr/lib/gcc/x86_64-redhat-linux/4.8.3/../../../../lib64/crt1.o

.eh_frame       0x000000000040a750     0x12b4
 *(.eh_frame)
 .eh_frame      0x000000000040a750       0x30 /usr/lib/gcc/x86_64-redhat-linux/4.8.3/../../../../lib64/crt1.o
 .eh_frame      0x000000000040a780       0x40 /usr/lib/gcc/x86_64-redhat-linux/4.8.3/../../../../lib64/crt1.o
 .eh_frame      0x000000000040a7c0       0x58 contiki-minimal-net.a(webserver-nogui)
                                         0x70 (size before relaxing)
 .eh_frame      0x000000000040a818      0x118 contiki-minimal-net.a(httpd.o)
 .eh_frame      0x000000000040a930       0xe0 contiki-minimal-net.a(psock.o)
 .eh_frame      0x000000000040aa10       0x68 contiki-minimal-net.a(memb.o)
                                         0x70 (size before relaxing)
 .eh_frame      0x000000000040aa78       0x98 contiki-minimal-net.a(httpd-fs.o)
                                         0xa0 (size before relaxing)
 .eh_frame      0x000000000040ab10      0x168 contiki-minimal-net.a(httpd-cgi.o)
 .eh_frame      0x000000000040ac78       0x90 contiki-minimal-net.a(contiki-main.o)
                                         0xa0 (size before relaxing)
 .eh_frame      0x000000000040ad08       0x60 contiki-minimal-net.a(clock.o)
                                         0x78 (size before relaxing)
 .eh_frame      0x000000000040ad68       0x48 contiki-minimal-net.a(tapdev-drv.o)
                                         0x60 (size before relaxing)
 .eh_frame      0x000000000040adb0       0xb0 contiki-minimal-net.a(tapdev.o)
                                         0xb8 (size before relaxing)
 .eh_frame      0x000000000040ae60       0x50 contiki-minimal-net.a(autostart.o)
                                         0x68 (size before relaxing)
 .eh_frame      0x000000000040aeb0      0x100 contiki-minimal-net.a(ctimer.o)
                                        0x110 (size before relaxing)
 .eh_frame      0x000000000040afb0      0x190 contiki-minimal-net.a(etimer.o)
                                        0x180 (size before relaxing)
 .eh_frame      0x000000000040b140      0x178 contiki-minimal-net.a(process.o)
                                        0x170 (size before relaxing)
 .eh_frame      0x000000000040b2b8       0x20 contiki-minimal-net.a(procinit.o)
                                         0x38 (size before relaxing)
 .eh_frame      0x000000000040b2d8       0x98 contiki-minimal-net.a(timer.o)
                                         0xa0 (size before relaxing)
 .eh_frame      0x000000000040b370       0x58 contiki-minimal-net.a(serial-line.o)
                                         0x70 (size before relaxing)
 .eh_frame      0x000000000040b3c8      0x140 contiki-minimal-net.a(list.o)
                                        0x128 (size before relaxing)
 .eh_frame      0x000000000040b508       0x78 contiki-minimal-net.a(ringbuf.o)
                                         0x80 (size before relaxing)
 .eh_frame      0x000000000040b580      0x1b0 contiki-minimal-net.a(tcpip.o)
 .eh_frame      0x000000000040b730       0x88 contiki-minimal-net.a(uip_arp.o)
                                         0x90 (size before relaxing)
 .eh_frame      0x000000000040b7b8      0x1d0 contiki-minimal-net.a(uip.o)
                                        0x1a8 (size before relaxing)
 .eh_frame      0x000000000040b988       0x60 /usr/lib64/libc_nonshared.a(elf-init.oS)
                                         0x78 (size before relaxing)
 .eh_frame      0x000000000040b9e8       0x18 /usr/lib64/libc_nonshared.a(atexit.oS)
                                         0x30 (size before relaxing)
 .eh_frame      0x000000000040ba00        0x4 /usr/lib/gcc/x86_64-redhat-linux/4.8.3/crtend.o

.gcc_except_table
 *(.gcc_except_table .gcc_except_table.*)

.exception_ranges
 *(.exception_ranges .exception_ranges*)
                0x000000000040ba04                . = (ALIGN (0x200000) - ((0x200000 - .) & 0x1fffff))
                0x000000000060be04                . = DATA_SEGMENT_ALIGN (0x200000, 0x1000)

.eh_frame
 *(.eh_frame)

.gcc_except_table
 *(.gcc_except_table .gcc_except_table.*)

.exception_ranges
 *(.exception_ranges .exception_ranges*)

.tdata
 *(.tdata .tdata.* .gnu.linkonce.td.*)

.tbss
 *(.tbss .tbss.* .gnu.linkonce.tb.*)
 *(.tcommon)

.preinit_array  0x000000000060be04        0x0
                0x000000000060be04                PROVIDE (__preinit_array_start, .)
 *(.preinit_array)
                0x000000000060be04                PROVIDE (__preinit_array_end, .)

.init_array     0x000000000060be08        0x8
                0x000000000060be08                PROVIDE (__init_array_start, .)
 *(SORT(.init_array.*) SORT(.ctors.*))
 *(.init_array)
 .init_array    0x000000000060be08        0x8 /usr/lib/gcc/x86_64-redhat-linux/4.8.3/crtbegin.o
 *(EXCLUDE_FILE(*crtend?.o *crtend.o *crtbegin?.o *crtbegin.o) .ctors)
                0x000000000060be10                PROVIDE (__init_array_end, .)

.fini_array     0x000000000060be10        0x8
                0x000000000060be10                PROVIDE (__fini_array_start, .)
 *(SORT(.fini_array.*) SORT(.dtors.*))
 *(.fini_array)
 .fini_array    0x000000000060be10        0x8 /usr/lib/gcc/x86_64-redhat-linux/4.8.3/crtbegin.o
 *(EXCLUDE_FILE(*crtend?.o *crtend.o *crtbegin?.o *crtbegin.o) .dtors)
                0x000000000060be18                PROVIDE (__fini_array_end, .)

.ctors
 *crtbegin.o(.ctors)
 *crtbegin?.o(.ctors)
 *(EXCLUDE_FILE(*crtend?.o *crtend.o) .ctors)
 *(SORT(.ctors.*))
 *(.ctors)

.dtors
 *crtbegin.o(.dtors)
 *crtbegin?.o(.dtors)
 *(EXCLUDE_FILE(*crtend?.o *crtend.o) .dtors)
 *(SORT(.dtors.*))
 *(.dtors)

.jcr            0x000000000060be18        0x8
 *(.jcr)
 .jcr           0x000000000060be18        0x0 /usr/lib/gcc/x86_64-redhat-linux/4.8.3/crtbegin.o
 .jcr           0x000000000060be18        0x8 /usr/lib/gcc/x86_64-redhat-linux/4.8.3/crtend.o

.data.rel.ro
 *(.data.rel.ro.local* .gnu.linkonce.d.rel.ro.local.*)
 *(.data.rel.ro .data.rel.ro.* .gnu.linkonce.d.rel.ro.*)

.dynamic        0x000000000060be20      0x1d0
 *(.dynamic)
 .dynamic       0x000000000060be20      0x1d0 /usr/lib/gcc/x86_64-redhat-linux/4.8.3/../../../../lib64/crt1.o
                0x000000000060be20                _DYNAMIC

.got            0x000000000060bff0       0x10
 *(.got)
 .got           0x000000000060bff0       0x10 /usr/lib/gcc/x86_64-redhat-linux/4.8.3/../../../../lib64/crt1.o
 *(.igot)
                0x000000000060cfe8                . = DATA_SEGMENT_RELRO_END (., (SIZEOF (.got.plt) >= 0x18)?0x18:0x0)

.got.plt        0x000000000060c000       0xe8
 *(.got.plt)
 .got.plt       0x000000000060c000       0xe8 /usr/lib/gcc/x86_64-redhat-linux/4.8.3/../../../../lib64/crt1.o
                0x000000000060c000                _GLOBAL_OFFSET_TABLE_
 *(.igot.plt)
 .igot.plt      0x0000000000000000        0x0 /usr/lib/gcc/x86_64-redhat-linux/4.8.3/../../../../lib64/crt1.o

.data           0x000000000060c100      0x1a0
 *(.data .data.* .gnu.linkonce.d.*)
 .data          0x000000000060c100        0x4 /usr/lib/gcc/x86_64-redhat-linux/4.8.3/../../../../lib64/crt1.o
                0x000000000060c100                data_start
                0x000000000060c100                __data_start
 .data          0x000000000060c104        0x0 /usr/lib/gcc/x86_64-redhat-linux/4.8.3/../../../../lib64/crti.o
 .data          0x000000000060c104        0x0 /usr/lib/gcc/x86_64-redhat-linux/4.8.3/crtbegin.o
 .data          0x000000000060c104        0x0 webserver-example.co
 *fill*         0x000000000060c104       0x1c 
 .data          0x000000000060c120       0x20 contiki-minimal-net.a(webserver-nogui)
                0x000000000060c120                webserver_nogui_process
 .data          0x000000000060c140       0x18 contiki-minimal-net.a(httpd.o)
 .data          0x000000000060c158        0x0 contiki-minimal-net.a(http-strings.o)
 .data          0x000000000060c158        0x0 contiki-minimal-net.a(psock.o)
 .data          0x000000000060c158        0x0 contiki-minimal-net.a(memb.o)
 .data          0x000000000060c158        0x0 contiki-minimal-net.a(httpd-fs.o)
 *fill*         0x000000000060c158        0x8 
 .data          0x000000000060c160       0x58 contiki-minimal-net.a(httpd-cgi.o)
 *fill*         0x000000000060c1b8        0x8 
 .data          0x000000000060c1c0       0x28 contiki-minimal-net.a(contiki-main.o)
                0x000000000060c1c0                procinit
 .data          0x000000000060c1e8        0x0 contiki-minimal-net.a(clock.o)
 *fill*         0x000000000060c1e8       0x18 
 .data          0x000000000060c200       0x20 contiki-minimal-net.a(tapdev-drv.o)
                0x000000000060c200                tapdev_process
 .data          0x000000000060c220        0x0 contiki-minimal-net.a(tapdev.o)
 .data          0x000000000060c220        0x0 contiki-minimal-net.a(autostart.o)
 .data          0x000000000060c220       0x20 contiki-minimal-net.a(ctimer.o)
                0x000000000060c220                ctimer_process
 .data          0x000000000060c240       0x20 contiki-minimal-net.a(etimer.o)
                0x000000000060c240                etimer_process
 .data          0x000000000060c260        0x0 contiki-minimal-net.a(process.o)
 .data          0x000000000060c260        0x0 contiki-minimal-net.a(procinit.o)
 .data          0x000000000060c260        0x0 contiki-minimal-net.a(timer.o)
 .data          0x000000000060c260       0x20 contiki-minimal-net.a(serial-line.o)
                0x000000000060c260                serial_line_process
 .data          0x000000000060c280        0x0 contiki-minimal-net.a(list.o)
 .data          0x000000000060c280        0x0 contiki-minimal-net.a(ringbuf.o)
 .data          0x000000000060c280       0x20 contiki-minimal-net.a(tcpip.o)
                0x000000000060c280                tcpip_process
 .data          0x000000000060c2a0        0x0 contiki-minimal-net.a(uip_arp.o)
 .data          0x000000000060c2a0        0x0 contiki-minimal-net.a(uip.o)
 .data          0x000000000060c2a0        0x0 /usr/lib64/libc_nonshared.a(elf-init.oS)
 .data          0x000000000060c2a0        0x0 /usr/lib64/libc_nonshared.a(atexit.oS)
 .data          0x000000000060c2a0        0x0 /usr/lib/gcc/x86_64-redhat-linux/4.8.3/crtend.o
 .data          0x000000000060c2a0        0x0 /usr/lib/gcc/x86_64-redhat-linux/4.8.3/../../../../lib64/crtn.o

.tm_clone_table
                0x000000000060c2a0        0x0
 .tm_clone_table
                0x000000000060c2a0        0x0 /usr/lib/gcc/x86_64-redhat-linux/4.8.3/crtbegin.o
 .tm_clone_table
                0x000000000060c2a0        0x0 /usr/lib/gcc/x86_64-redhat-linux/4.8.3/crtend.o

.data1
 *(.data1)
                0x000000000060c2a0                _edata = .
                0x000000000060c2a0                PROVIDE (edata, .)
                0x000000000060c2a0                . = .
                0x000000000060c2a0                __bss_start = .

.bss            0x000000000060c2a0     0x4110
 *(.dynbss)
 .dynbss        0x000000000060c2a0       0x10 /usr/lib/gcc/x86_64-redhat-linux/4.8.3/../../../../lib64/crt1.o
                0x000000000060c2a0                stdout@@GLIBC_2.2.5
                0x000000000060c2a8                stderr@@GLIBC_2.2.5
 *(.bss .bss.* .gnu.linkonce.b.*)
 .bss           0x000000000060c2b0        0x0 /usr/lib/gcc/x86_64-redhat-linux/4.8.3/../../../../lib64/crt1.o
 .bss           0x000000000060c2b0        0x0 /usr/lib/gcc/x86_64-redhat-linux/4.8.3/../../../../lib64/crti.o
 .bss           0x000000000060c2b0        0x1 /usr/lib/gcc/x86_64-redhat-linux/4.8.3/crtbegin.o
 *fill*         0x000000000060c2b1        0x3 
 .bss           0x000000000060c2b4        0x0 webserver-example.co
 .bss           0x000000000060c2b4        0x0 contiki-minimal-net.a(webserver-nogui)
 *fill*         0x000000000060c2b4        0xc 
 .bss           0x000000000060c2c0     0x2988 contiki-minimal-net.a(httpd.o)
 .bss           0x000000000060ec48        0x0 contiki-minimal-net.a(http-strings.o)
 .bss           0x000000000060ec48        0x0 contiki-minimal-net.a(psock.o)
 .bss           0x000000000060ec48        0x0 contiki-minimal-net.a(memb.o)
 *fill*         0x000000000060ec48        0x8 
 .bss           0x000000000060ec50       0x14 contiki-minimal-net.a(httpd-fs.o)
 *fill*         0x000000000060ec64        0x4 
 .bss           0x000000000060ec68        0x8 contiki-minimal-net.a(httpd-cgi.o)
 .bss           0x000000000060ec70        0x6 contiki-minimal-net.a(contiki-main.o)
                0x000000000060ec70                contiki_argc
 *fill*         0x000000000060ec76        0x2 
 .bss           0x000000000060ec78       0x10 contiki-minimal-net.a(clock.o)
 .bss           0x000000000060ec88        0x0 contiki-minimal-net.a(tapdev-drv.o)
 .bss           0x000000000060ec88        0xc contiki-minimal-net.a(tapdev.o)
 .bss           0x000000000060ec94        0x0 contiki-minimal-net.a(autostart.o)
 *fill*         0x000000000060ec94        0x4 
 .bss           0x000000000060ec98       0x10 contiki-minimal-net.a(ctimer.o)
 .bss           0x000000000060eca8       0x10 contiki-minimal-net.a(etimer.o)
 *fill*         0x000000000060ecb8        0x8 
 .bss           0x000000000060ecc0      0x343 contiki-minimal-net.a(process.o)
                0x000000000060ecc0                process_current
                0x000000000060ecc8                process_list
 *fill*         0x000000000060f003        0x1 
 .bss           0x000000000060f004        0x0 contiki-minimal-net.a(procinit.o)
 .bss           0x000000000060f004        0x0 contiki-minimal-net.a(timer.o)
 *fill*         0x000000000060f004       0x1c 
 .bss           0x000000000060f020      0x150 contiki-minimal-net.a(serial-line.o)
 .bss           0x000000000060f170        0x0 contiki-minimal-net.a(list.o)
 .bss           0x000000000060f170        0x0 contiki-minimal-net.a(ringbuf.o)
 *fill*         0x000000000060f170       0x10 
 .bss           0x000000000060f180      0x2e0 contiki-minimal-net.a(tcpip.o)
 .bss           0x000000000060f460       0x80 contiki-minimal-net.a(uip_arp.o)
 .bss           0x000000000060f4e0       0x12 contiki-minimal-net.a(uip.o)
                0x000000000060f4e0                uip_lladdr
 *fill*         0x000000000060f4f2        0x2 
 .bss           0x000000000060f4f4        0x0 /usr/lib64/libc_nonshared.a(elf-init.oS)
 .bss           0x000000000060f4f4        0x0 /usr/lib64/libc_nonshared.a(atexit.oS)
 .bss           0x000000000060f4f4        0x0 /usr/lib/gcc/x86_64-redhat-linux/4.8.3/crtend.o
 .bss           0x000000000060f4f4        0x0 /usr/lib/gcc/x86_64-redhat-linux/4.8.3/../../../../lib64/crtn.o
 *(COMMON)
 *fill*         0x000000000060f4f4        0x4 
 COMMON         0x000000000060f4f8        0x8 contiki-minimal-net.a(contiki-main.o)
                0x000000000060f4f8                contiki_argv
 COMMON         0x000000000060f500        0x1 contiki-minimal-net.a(serial-line.o)
                0x000000000060f500                serial_line_event_message
 COMMON         0x000000000060f501        0x1 contiki-minimal-net.a(tcpip.o)
                0x000000000060f501                tcpip_event
 *fill*         0x000000000060f502       0x1e 
 COMMON         0x000000000060f520      0xe90 contiki-minimal-net.a(uip.o)
                0x000000000060f520                uip_draddr
                0x000000000060f524                uip_slen
                0x000000000060f526                uip_acc32
                0x000000000060f540                uip_conns
                0x000000000060fcc0                uip_netmask
                0x000000000060fcc4                uip_hostaddr
                0x000000000060fcc8                uip_appdata
                0x000000000060fcd0                uip_flags
                0x000000000060fce0                uip_aligned_buf
                0x0000000000610200                uip_listenports
                0x0000000000610250                uip_len
                0x0000000000610258                uip_sappdata
                0x0000000000610260                uip_udp_conns
                0x00000000006103a0                uip_udp_conn
                0x00000000006103a8                uip_conn
                0x00000000006103b0                . = ALIGN ((. != 0x0)?0x8:0x1)

.lbss
 *(.dynlbss)
 *(.lbss .lbss.* .gnu.linkonce.lb.*)
 *(LARGE_COMMON)
                0x00000000006103b0                . = ALIGN (0x8)

.lrodata
 *(.lrodata .lrodata.* .gnu.linkonce.lr.*)

.ldata          0x0000000000a103b0        0x0
 *(.ldata .ldata.* .gnu.linkonce.l.*)
                0x0000000000a103b0                . = ALIGN ((. != 0x0)?0x8:0x1)
                0x0000000000a103b0                . = ALIGN (0x8)
                0x0000000000a103b0                _end = .
                0x0000000000a103b0                PROVIDE (end, .)
                0x0000000000a103b0                . = DATA_SEGMENT_END (.)

.stab
 *(.stab)

.stabstr
 *(.stabstr)

.stab.excl
 *(.stab.excl)

.stab.exclstr
 *(.stab.exclstr)

.stab.index
 *(.stab.index)

.stab.indexstr
 *(.stab.indexstr)

.comment        0x0000000000000000       0x58
 *(.comment)
 .comment       0x0000000000000000       0x2c /usr/lib/gcc/x86_64-redhat-linux/4.8.3/../../../../lib64/crt1.o
                                         0x2d (size before relaxing)
 .comment       0x000000000000002c       0x2c /usr/lib/gcc/x86_64-redhat-linux/4.8.3/crtbegin.o
                                         0x2d (size before relaxing)
 .comment       0x0000000000000000       0x2d webserver-example.co
 .comment       0x0000000000000000       0x2d contiki-minimal-net.a(webserver-nogui)
 .comment       0x0000000000000000       0x2d contiki-minimal-net.a(httpd.o)
 .comment       0x0000000000000000       0x2d contiki-minimal-net.a(http-strings.o)
 .comment       0x0000000000000000       0x2d contiki-minimal-net.a(psock.o)
 .comment       0x0000000000000000       0x2d contiki-minimal-net.a(memb.o)
 .comment       0x0000000000000000       0x2d contiki-minimal-net.a(httpd-fs.o)
 .comment       0x0000000000000000       0x2d contiki-minimal-net.a(httpd-cgi.o)
 .comment       0x0000000000000000       0x2d contiki-minimal-net.a(contiki-main.o)
 .comment       0x0000000000000000       0x2d contiki-minimal-net.a(clock.o)
 .comment       0x0000000000000000       0x2d contiki-minimal-net.a(tapdev-drv.o)
 .comment       0x0000000000000000       0x2d contiki-minimal-net.a(tapdev.o)
 .comment       0x0000000000000000       0x2d contiki-minimal-net.a(autostart.o)
 .comment       0x0000000000000000       0x2d contiki-minimal-net.a(ctimer.o)
 .comment       0x0000000000000000       0x2d contiki-minimal-net.a(etimer.o)
 .comment       0x0000000000000000       0x2d contiki-minimal-net.a(process.o)
 .comment       0x0000000000000000       0x2d contiki-minimal-net.a(procinit.o)
 .comment       0x0000000000000000       0x2d contiki-minimal-net.a(timer.o)
 .comment       0x0000000000000000       0x2d contiki-minimal-net.a(serial-line.o)
 .comment       0x0000000000000000       0x2d contiki-minimal-net.a(list.o)
 .comment       0x0000000000000000       0x2d contiki-minimal-net.a(ringbuf.o)
 .comment       0x0000000000000000       0x2d contiki-minimal-net.a(tcpip.o)
 .comment       0x0000000000000000       0x2d contiki-minimal-net.a(uip_arp.o)
 .comment       0x0000000000000000       0x2d contiki-minimal-net.a(uip.o)
 .comment       0x0000000000000000       0x2d /usr/lib64/libc_nonshared.a(elf-init.oS)
 .comment       0x0000000000000000       0x2d /usr/lib64/libc_nonshared.a(atexit.oS)
 .comment       0x0000000000000000       0x2d /usr/lib/gcc/x86_64-redhat-linux/4.8.3/crtend.o

.debug
 *(.debug)

.line
 *(.line)

.debug_srcinfo
 *(.debug_srcinfo)

.debug_sfnames
 *(.debug_sfnames)

.debug_aranges  0x0000000000000000      0x460
 *(.debug_aranges)
 .debug_aranges
                0x0000000000000000       0x20 webserver-example.co
 .debug_aranges
                0x0000000000000020       0x30 contiki-minimal-net.a(webserver-nogui)
 .debug_aranges
                0x0000000000000050       0x30 contiki-minimal-net.a(httpd.o)
 .debug_aranges
                0x0000000000000080       0x20 contiki-minimal-net.a(http-strings.o)
 .debug_aranges
                0x00000000000000a0       0x30 contiki-minimal-net.a(psock.o)
 .debug_aranges
                0x00000000000000d0       0x30 contiki-minimal-net.a(memb.o)
 .debug_aranges
                0x0000000000000100       0x30 contiki-minimal-net.a(httpd-fs.o)
 .debug_aranges
                0x0000000000000130       0x30 contiki-minimal-net.a(httpd-cgi.o)
 .debug_aranges
                0x0000000000000160       0x30 contiki-minimal-net.a(contiki-main.o)
 .debug_aranges
                0x0000000000000190       0x30 contiki-minimal-net.a(clock.o)
 .debug_aranges
                0x00000000000001c0       0x30 contiki-minimal-net.a(tapdev-drv.o)
 .debug_aranges
                0x00000000000001f0       0x30 contiki-minimal-net.a(tapdev.o)
 .debug_aranges
                0x0000000000000220       0x30 contiki-minimal-net.a(autostart.o)
 .debug_aranges
                0x0000000000000250       0x30 contiki-minimal-net.a(ctimer.o)
 .debug_aranges
                0x0000000000000280       0x30 contiki-minimal-net.a(etimer.o)
 .debug_aranges
                0x00000000000002b0       0x30 contiki-minimal-net.a(process.o)
 .debug_aranges
                0x00000000000002e0       0x30 contiki-minimal-net.a(procinit.o)
 .debug_aranges
                0x0000000000000310       0x30 contiki-minimal-net.a(timer.o)
 .debug_aranges
                0x0000000000000340       0x30 contiki-minimal-net.a(serial-line.o)
 .debug_aranges
                0x0000000000000370       0x30 contiki-minimal-net.a(list.o)
 .debug_aranges
                0x00000000000003a0       0x30 contiki-minimal-net.a(ringbuf.o)
 .debug_aranges
                0x00000000000003d0       0x30 contiki-minimal-net.a(tcpip.o)
 .debug_aranges
                0x0000000000000400       0x30 contiki-minimal-net.a(uip_arp.o)
 .debug_aranges
                0x0000000000000430       0x30 contiki-minimal-net.a(uip.o)

.debug_pubnames
 *(.debug_pubnames)

.debug_info     0x0000000000000000     0xb10d
 *(.debug_info .gnu.linkonce.wi.*)
 .debug_info    0x0000000000000000      0x164 webserver-example.co
 .debug_info    0x0000000000000164      0x628 contiki-minimal-net.a(webserver-nogui)
 .debug_info    0x000000000000078c     0x1552 contiki-minimal-net.a(httpd.o)
 .debug_info    0x0000000000001cde      0x4a0 contiki-minimal-net.a(http-strings.o)
 .debug_info    0x000000000000217e      0x937 contiki-minimal-net.a(psock.o)
 .debug_info    0x0000000000002ab5      0x1f7 contiki-minimal-net.a(memb.o)
 .debug_info    0x0000000000002cac      0x5b2 contiki-minimal-net.a(httpd-fs.o)
 .debug_info    0x000000000000325e      0xf71 contiki-minimal-net.a(httpd-cgi.o)
 .debug_info    0x00000000000041cf      0xb8b contiki-minimal-net.a(contiki-main.o)
 .debug_info    0x0000000000004d5a      0x26b contiki-minimal-net.a(clock.o)
 .debug_info    0x0000000000004fc5      0x43e contiki-minimal-net.a(tapdev-drv.o)
 .debug_info    0x0000000000005403      0xc50 contiki-minimal-net.a(tapdev.o)
 .debug_info    0x0000000000006053      0x1fc contiki-minimal-net.a(autostart.o)
 .debug_info    0x000000000000624f      0x7a9 contiki-minimal-net.a(ctimer.o)
 .debug_info    0x00000000000069f8      0x6e2 contiki-minimal-net.a(etimer.o)
 .debug_info    0x00000000000070da      0x8fd contiki-minimal-net.a(process.o)
 .debug_info    0x00000000000079d7      0x182 contiki-minimal-net.a(procinit.o)
 .debug_info    0x0000000000007b59      0x1d6 contiki-minimal-net.a(timer.o)
 .debug_info    0x0000000000007d2f      0x4ef contiki-minimal-net.a(serial-line.o)
 .debug_info    0x000000000000821e      0x3bc contiki-minimal-net.a(list.o)
 .debug_info    0x00000000000085da      0x1c7 contiki-minimal-net.a(ringbuf.o)
 .debug_info    0x00000000000087a1     0x125a contiki-minimal-net.a(tcpip.o)
 .debug_info    0x00000000000099fb      0x522 contiki-minimal-net.a(uip_arp.o)
 .debug_info    0x0000000000009f1d     0x11f0 contiki-minimal-net.a(uip.o)

.debug_abbrev   0x0000000000000000     0x316c
 *(.debug_abbrev)
 .debug_abbrev  0x0000000000000000       0xdb webserver-example.co
 .debug_abbrev  0x00000000000000db      0x239 contiki-minimal-net.a(webserver-nogui)
 .debug_abbrev  0x0000000000000314      0x37c contiki-minimal-net.a(httpd.o)
 .debug_abbrev  0x0000000000000690       0x45 contiki-minimal-net.a(http-strings.o)
 .debug_abbrev  0x00000000000006d5      0x316 contiki-minimal-net.a(psock.o)
 .debug_abbrev  0x00000000000009eb      0x115 contiki-minimal-net.a(memb.o)
 .debug_abbrev  0x0000000000000b00      0x161 contiki-minimal-net.a(httpd-fs.o)
 .debug_abbrev  0x0000000000000c61      0x2e2 contiki-minimal-net.a(httpd-cgi.o)
 .debug_abbrev  0x0000000000000f43      0x315 contiki-minimal-net.a(contiki-main.o)
 .debug_abbrev  0x0000000000001258      0x103 contiki-minimal-net.a(clock.o)
 .debug_abbrev  0x000000000000135b      0x243 contiki-minimal-net.a(tapdev-drv.o)
 .debug_abbrev  0x000000000000159e      0x289 contiki-minimal-net.a(tapdev.o)
 .debug_abbrev  0x0000000000001827      0x129 contiki-minimal-net.a(autostart.o)
 .debug_abbrev  0x0000000000001950      0x215 contiki-minimal-net.a(ctimer.o)
 .debug_abbrev  0x0000000000001b65      0x2c8 contiki-minimal-net.a(etimer.o)
 .debug_abbrev  0x0000000000001e2d      0x336 contiki-minimal-net.a(process.o)
 .debug_abbrev  0x0000000000002163       0xf3 contiki-minimal-net.a(procinit.o)
 .debug_abbrev  0x0000000000002256       0xee contiki-minimal-net.a(timer.o)
 .debug_abbrev  0x0000000000002344      0x25e contiki-minimal-net.a(serial-line.o)
 .debug_abbrev  0x00000000000025a2      0x18b contiki-minimal-net.a(list.o)
 .debug_abbrev  0x000000000000272d       0xea contiki-minimal-net.a(ringbuf.o)
 .debug_abbrev  0x0000000000002817      0x475 contiki-minimal-net.a(tcpip.o)
 .debug_abbrev  0x0000000000002c8c      0x1a4 contiki-minimal-net.a(uip_arp.o)
 .debug_abbrev  0x0000000000002e30      0x33c contiki-minimal-net.a(uip.o)

.debug_line     0x0000000000000000     0x22f4
 *(.debug_line)
 .debug_line    0x0000000000000000       0x93 webserver-example.co
 .debug_line    0x0000000000000093      0x16d contiki-minimal-net.a(webserver-nogui)
 .debug_line    0x0000000000000200      0x327 contiki-minimal-net.a(httpd.o)
 .debug_line    0x0000000000000527       0x44 contiki-minimal-net.a(http-strings.o)
 .debug_line    0x000000000000056b      0x198 contiki-minimal-net.a(psock.o)
 .debug_line    0x0000000000000703       0xa1 contiki-minimal-net.a(memb.o)
 .debug_line    0x00000000000007a4       0xe5 contiki-minimal-net.a(httpd-fs.o)
 .debug_line    0x0000000000000889      0x217 contiki-minimal-net.a(httpd-cgi.o)
 .debug_line    0x0000000000000aa0      0x2b9 contiki-minimal-net.a(contiki-main.o)
 .debug_line    0x0000000000000d59       0xc3 contiki-minimal-net.a(clock.o)
 .debug_line    0x0000000000000e1c      0x122 contiki-minimal-net.a(tapdev-drv.o)
 .debug_line    0x0000000000000f3e      0x1f6 contiki-minimal-net.a(tapdev.o)
 .debug_line    0x0000000000001134       0x9c contiki-minimal-net.a(autostart.o)
 .debug_line    0x00000000000011d0      0x149 contiki-minimal-net.a(ctimer.o)
 .debug_line    0x0000000000001319      0x16b contiki-minimal-net.a(etimer.o)
 .debug_line    0x0000000000001484      0x1c3 contiki-minimal-net.a(process.o)
 .debug_line    0x0000000000001647       0x91 contiki-minimal-net.a(procinit.o)
 .debug_line    0x00000000000016d8       0xb9 contiki-minimal-net.a(timer.o)
 .debug_line    0x0000000000001791       0xfd contiki-minimal-net.a(serial-line.o)
 .debug_line    0x000000000000188e       0xe7 contiki-minimal-net.a(list.o)
 .debug_line    0x0000000000001975       0xa1 contiki-minimal-net.a(ringbuf.o)
 .debug_line    0x0000000000001a16      0x27a contiki-minimal-net.a(tcpip.o)
 .debug_line    0x0000000000001c90      0x18f contiki-minimal-net.a(uip_arp.o)
 .debug_line    0x0000000000001e1f      0x4d5 contiki-minimal-net.a(uip.o)

.debug_frame
 *(.debug_frame)

.debug_str      0x0000000000000000     0x1cca
 *(.debug_str)
 .debug_str     0x0000000000000000      0x127 webserver-example.co
                                        0x190 (size before relaxing)
 .debug_str     0x0000000000000127      0x269 contiki-minimal-net.a(webserver-nogui)
                                        0x3fe (size before relaxing)
 .debug_str     0x0000000000000390      0x40e contiki-minimal-net.a(httpd.o)
                                        0x7a4 (size before relaxing)
 .debug_str     0x000000000000079e       0xcf contiki-minimal-net.a(http-strings.o)
                                        0x2a0 (size before relaxing)
 .debug_str     0x000000000000086d       0xa6 contiki-minimal-net.a(psock.o)
                                        0x36c (size before relaxing)
 .debug_str     0x0000000000000913       0x2e contiki-minimal-net.a(memb.o)
                                        0x160 (size before relaxing)
 .debug_str     0x0000000000000941      0x1d6 contiki-minimal-net.a(httpd-fs.o)
                                        0x320 (size before relaxing)
 .debug_str     0x0000000000000b17      0x138 contiki-minimal-net.a(httpd-cgi.o)
                                        0x640 (size before relaxing)
 .debug_str     0x0000000000000c4f      0x237 contiki-minimal-net.a(contiki-main.o)
                                        0x5d5 (size before relaxing)
 .debug_str     0x0000000000000e86       0x96 contiki-minimal-net.a(clock.o)
                                        0x21a (size before relaxing)
 .debug_str     0x0000000000000f1c      0x106 contiki-minimal-net.a(tapdev-drv.o)
                                        0x2bd (size before relaxing)
 .debug_str     0x0000000000001022      0x266 contiki-minimal-net.a(tapdev.o)
                                        0x62f (size before relaxing)
 .debug_str     0x0000000000001288       0x37 contiki-minimal-net.a(autostart.o)
                                        0x1a6 (size before relaxing)
 .debug_str     0x00000000000012bf      0x13d contiki-minimal-net.a(ctimer.o)
                                        0x2ed (size before relaxing)
 .debug_str     0x00000000000013fc       0xce contiki-minimal-net.a(etimer.o)
                                        0x337 (size before relaxing)
 .debug_str     0x00000000000014ca       0xfb contiki-minimal-net.a(process.o)
                                        0x44f (size before relaxing)
 .debug_str     0x00000000000015c5       0x1a contiki-minimal-net.a(procinit.o)
                                        0x178 (size before relaxing)
 .debug_str     0x00000000000015df       0x27 contiki-minimal-net.a(timer.o)
                                        0x180 (size before relaxing)
 .debug_str     0x0000000000001606       0xc2 contiki-minimal-net.a(serial-line.o)
                                        0x2b4 (size before relaxing)
 .debug_str     0x00000000000016c8       0x7f contiki-minimal-net.a(list.o)
                                        0x159 (size before relaxing)
 .debug_str     0x0000000000001747       0x37 contiki-minimal-net.a(ringbuf.o)
                                        0x188 (size before relaxing)
 .debug_str     0x000000000000177e      0x210 contiki-minimal-net.a(tcpip.o)
                                        0x71d (size before relaxing)
 .debug_str     0x000000000000198e      0x122 contiki-minimal-net.a(uip_arp.o)
                                        0x334 (size before relaxing)
 .debug_str     0x0000000000001ab0      0x21a contiki-minimal-net.a(uip.o)
                                        0x630 (size before relaxing)

.debug_loc      0x0000000000000000     0x4e8c
 *(.debug_loc)
 .debug_loc     0x0000000000000000      0x280 contiki-minimal-net.a(webserver-nogui)
 .debug_loc     0x0000000000000280      0x5ae contiki-minimal-net.a(httpd.o)
 .debug_loc     0x000000000000082e      0x6c3 contiki-minimal-net.a(psock.o)
 .debug_loc     0x0000000000000ef1      0x1a0 contiki-minimal-net.a(memb.o)
 .debug_loc     0x0000000000001091      0x252 contiki-minimal-net.a(httpd-fs.o)
 .debug_loc     0x00000000000012e3      0x4a4 contiki-minimal-net.a(httpd-cgi.o)
 .debug_loc     0x0000000000001787      0x541 contiki-minimal-net.a(contiki-main.o)
 .debug_loc     0x0000000000001cc8       0x94 contiki-minimal-net.a(clock.o)
 .debug_loc     0x0000000000001d5c       0xf6 contiki-minimal-net.a(tapdev-drv.o)
 .debug_loc     0x0000000000001e52       0x6c contiki-minimal-net.a(tapdev.o)
 .debug_loc     0x0000000000001ebe      0x106 contiki-minimal-net.a(autostart.o)
 .debug_loc     0x0000000000001fc4      0x61a contiki-minimal-net.a(ctimer.o)
 .debug_loc     0x00000000000025de      0x5a3 contiki-minimal-net.a(etimer.o)
 .debug_loc     0x0000000000002b81      0x4dd contiki-minimal-net.a(process.o)
 .debug_loc     0x000000000000305e      0x194 contiki-minimal-net.a(timer.o)
 .debug_loc     0x00000000000031f2      0x2be contiki-minimal-net.a(serial-line.o)
 .debug_loc     0x00000000000034b0      0x3cc contiki-minimal-net.a(list.o)
 .debug_loc     0x000000000000387c       0x5c contiki-minimal-net.a(ringbuf.o)
 .debug_loc     0x00000000000038d8      0xb7f contiki-minimal-net.a(tcpip.o)
 .debug_loc     0x0000000000004457      0x167 contiki-minimal-net.a(uip_arp.o)
 .debug_loc     0x00000000000045be      0x8ce contiki-minimal-net.a(uip.o)

.debug_macinfo
 *(.debug_macinfo)

.debug_weaknames
 *(.debug_weaknames)

.debug_funcnames
 *(.debug_funcnames)

.debug_typenames
 *(.debug_typenames)

.debug_varnames
 *(.debug_varnames)

.debug_pubtypes
 *(.debug_pubtypes)

.debug_ranges   0x0000000000000000       0x90
 *(.debug_ranges)
 .debug_ranges  0x0000000000000000       0x30 contiki-minimal-net.a(psock.o)
 .debug_ranges  0x0000000000000030       0x60 contiki-minimal-net.a(contiki-main.o)

.debug_macro
 *(.debug_macro)

.gnu.attributes
 *(.gnu.attributes)

/DISCARD/
 *(.note.GNU-stack)
 *(.gnu_debuglink)
 *(.gnu.lto_*)
 *(.gnu_object_only)
OUTPUT(webserver-example.minimal-net elf64-x86-64)
